// Jest Snapshot v1, https://goo.gl/fbAQLP

exports[`<PageHeader /> renders component correctly 1`] = `
.c0 {
  position: absolute;
  top: 0;
  left: 0;
  right: 0;
  display: flex;
  align-items: center;
  justify-content: center;
  background-color: #1E40FF;
}

.c1 {
  padding: 20px;
  color: #FFFFFF;
  font-size: 20px;
  font-weight: 600;
}

<div>
  <div
    class="c0"
  >
    <div
      class="c1"
    >
      할 일 목록
    </div>
  </div>
</div>
`;
