// Jest Snapshot v1, https://goo.gl/fbAQLP

exports[`<Detail /> renders component correctly 1`] = `
.c2 {
  text-align: center;
  padding: 10px 20px;
  border-radius: 8px;
  cursor: pointer;
  background-color: #FF1744;
}

.c2:hover {
  background-color: #F01440;
}

.c2:active {
  box-shadow: inset 5px 5px 10px rgba(0, 0, 0, 0.2);
}

.c3 {
  color: #ffffff;
  font-size: 16px;
}

.c0 {
  display: flex;
  background-color: #FFFFFF;
  padding: 20px;
  border-radius: 8px;
  box-shadow: 5px 5px 10px rgba(0, 0, 0, 0.2);
  align-items: center;
  flex-direction: column;
}

.c1 {
  min-width: 350px;
  height: 350px;
  overflow-y: auto;
  border: 1px solid #BDBDBD;
  margin-bottom: 20px;
  padding: 10px;
}

<div>
  <div
    class="c0"
  >
    <div
      class="c1"
    >
      ToDo 2
    </div>
    <div
      backgroundcolor="#FF1744"
      class="c2"
      hovercolor="#F01440"
    >
      <div
        class="c3"
      >
        삭제
      </div>
    </div>
  </div>
</div>
`;
